// Jest Snapshot v1, https://goo.gl/fbAQLP

exports[`renders without crashing 1`] = `
<MuiThemeProvider>
  <div
    className="App"
  >
    <Header />
    <Landing />
  </div>
</MuiThemeProvider>
`;
